{
  _type: 'element',
  tags: null,
  links: null,
  _stage: 'layouted',
  sourcePath: 'apps.c4',
  description: null,
  title: 'Apps',
  id: 'apps',
  autoLayout: {
    direction: 'TB',
  },
  hash: 'GfFTWiGQJSmg3eRMtpa9iwEXupP8prbKOOQYCXjvywA',
  bounds: {
    x: -138,
    y: -88,
    width: 2227,
    height: 1345,
  },
  nodes: [
    {
      id: 'public',
      parent: null,
      level: 0,
      children: [
        'public.pwa',
        'public.token',
      ],
      inEdges: [
        '1dp6odd',
      ],
      outEdges: [
        '1hxotfi',
      ],
      title: 'Public Client Provider',
      modelRef: 'public',
      shape: 'rectangle',
      color: 'sky',
      style: {
        border: 'solid',
        opacity: 100,
        size: 'md',
      },
      tags: [],
      kind: 'ThreatContainer',
      depth: 1,
      x: 523,
      y: -68,
      width: 406,
      height: 567,
      labelBBox: {
        x: 6,
        y: 0,
        width: 148,
        height: 15,
      },
      navigateTo: null,
      links: null,
    },
    {
      id: 'confidential',
      parent: null,
      level: 0,
      children: [
        'confidential.frontend',
        'confidential.backend',
        'confidential.key',
        'confidential.token',
      ],
      inEdges: [
        '1fnb7f6',
      ],
      outEdges: [
        'zamf7z',
      ],
      title: 'Confidential Client Provider',
      modelRef: 'confidential',
      shape: 'rectangle',
      color: 'sky',
      style: {
        border: 'solid',
        opacity: 100,
        size: 'md',
      },
      tags: [],
      kind: 'ThreatContainer',
      depth: 1,
      x: 453,
      y: 632,
      width: 834,
      height: 605,
      labelBBox: {
        x: 6,
        y: 0,
        width: 189,
        height: 15,
      },
      navigateTo: null,
      links: null,
    },
    {
      id: 'public.pwa',
      parent: 'public',
      level: 1,
      children: [],
      inEdges: [],
      outEdges: [
        'k1ly53',
        '1hxotfi',
      ],
      title: 'PWA / SPA',
      modelRef: 'public.pwa',
      shape: 'rectangle',
      color: 'amber',
      style: {
        border: 'solid',
        opacity: 100,
        size: 'md',
      },
      tags: [],
      metadata: {
        _shape: 'process',
      },
      kind: 'Process',
      x: 565,
      y: -8,
      width: 320,
      height: 180,
      labelBBox: {
        x: 107,
        y: 76,
        width: 106,
        height: 24,
      },
      navigateTo: null,
      links: null,
    },
    {
      id: 'confidential.frontend',
      parent: 'confidential',
      level: 1,
      children: [],
      inEdges: [],
      outEdges: [
        '1aueqv4',
      ],
      title: 'Frontend',
      modelRef: 'confidential.frontend',
      shape: 'rectangle',
      color: 'amber',
      style: {
        border: 'solid',
        opacity: 100,
        size: 'md',
      },
      tags: [],
      metadata: {
        _shape: 'process',
      },
      kind: 'Process',
      x: 495,
      y: 692,
      width: 320,
      height: 180,
      labelBBox: {
        x: 118,
        y: 76,
        width: 84,
        height: 24,
      },
      navigateTo: null,
      links: null,
    },
    {
      id: 'confidential.backend',
      parent: 'confidential',
      level: 1,
      children: [],
      inEdges: [
        '1aueqv4',
      ],
      outEdges: [
        '1p3576d',
        'p1c9bt',
        'zamf7z',
      ],
      title: 'Backend',
      modelRef: 'confidential.backend',
      shape: 'rectangle',
      color: 'amber',
      style: {
        border: 'solid',
        opacity: 100,
        size: 'md',
      },
      tags: [],
      metadata: {
        _shape: 'process',
      },
      kind: 'Process',
      x: 925,
      y: 692,
      width: 320,
      height: 180,
      labelBBox: {
        x: 119,
        y: 76,
        width: 82,
        height: 24,
      },
      navigateTo: null,
      links: null,
    },
    {
      id: 'confidential.key',
      parent: 'confidential',
      level: 1,
      children: [],
      inEdges: [
        'p1c9bt',
      ],
      outEdges: [],
      title: 'Private Key',
      modelRef: 'confidential.key',
      shape: 'rectangle',
      color: 'pink',
      style: {
        border: 'solid',
        opacity: 100,
        size: 'md',
      },
      tags: [],
      metadata: {
        _shape: 'data-object',
      },
      kind: 'DataObject',
      x: 925,
      y: 1015,
      width: 320,
      height: 180,
      labelBBox: {
        x: 107,
        y: 76,
        width: 106,
        height: 24,
      },
      navigateTo: null,
      links: null,
    },
    {
      id: 'owner',
      parent: null,
      level: 0,
      children: [
        'owner.as',
        'owner.storage',
      ],
      inEdges: [
        '1hxotfi',
        'zamf7z',
      ],
      outEdges: [
        'hmn2zs',
      ],
      title: 'C3 Resource Owner',
      modelRef: 'owner',
      shape: 'rectangle',
      color: 'sky',
      style: {
        border: 'solid',
        opacity: 100,
        size: 'md',
      },
      tags: [],
      kind: 'ThreatContainer',
      depth: 1,
      x: 1587,
      y: 395,
      width: 482,
      height: 692,
      labelBBox: {
        x: 6,
        y: 0,
        width: 129,
        height: 15,
      },
      navigateTo: null,
      links: null,
    },
    {
      id: 'owner.as',
      parent: 'owner',
      level: 1,
      children: [],
      inEdges: [
        '1hxotfi',
        'zamf7z',
      ],
      outEdges: [
        'smyo1t',
        'hmn2zs',
      ],
      title: 'P5 Resource Server Authorization Server',
      modelRef: 'owner.as',
      shape: 'rectangle',
      color: 'amber',
      style: {
        border: 'solid',
        opacity: 100,
        size: 'md',
      },
      tags: [],
      metadata: {
        _shape: 'process',
      },
      kind: 'Process',
      x: 1629,
      y: 455,
      width: 398,
      height: 180,
      labelBBox: {
        x: 14,
        y: 76,
        width: 371,
        height: 24,
      },
      navigateTo: null,
      links: null,
    },
    {
      id: 'owner.storage',
      parent: 'owner',
      level: 1,
      children: [],
      inEdges: [
        'smyo1t',
      ],
      outEdges: [],
      title: 'P4 Resource Server',
      modelRef: 'owner.storage',
      shape: 'rectangle',
      color: 'amber',
      style: {
        border: 'solid',
        opacity: 100,
        size: 'md',
      },
      tags: [],
      metadata: {
        _shape: 'process',
      },
      kind: 'Process',
      x: 1669,
      y: 865,
      width: 320,
      height: 180,
      labelBBox: {
        x: 68,
        y: 76,
        width: 184,
        height: 24,
      },
      navigateTo: null,
      links: null,
    },
    {
      id: 'userAs',
      parent: null,
      level: 0,
      children: [
        'userAs.as',
      ],
      inEdges: [
        'hmn2zs',
      ],
      outEdges: [
        '1dp6odd',
        '1fnb7f6',
      ],
      title: 'C1 End User Auth / IdP',
      modelRef: 'userAs',
      shape: 'rectangle',
      color: 'sky',
      style: {
        border: 'solid',
        opacity: 100,
        size: 'md',
      },
      tags: [],
      kind: 'ThreatContainer',
      depth: 1,
      x: -118,
      y: 409,
      width: 462,
      height: 282,
      labelBBox: {
        x: 6,
        y: 0,
        width: 139,
        height: 15,
      },
      navigateTo: null,
      links: null,
    },
    {
      id: 'userAs.as',
      parent: 'userAs',
      level: 1,
      children: [],
      inEdges: [
        'hmn2zs',
      ],
      outEdges: [
        '1dp6odd',
        '1fnb7f6',
      ],
      title: 'P2 End User Authorization Server / IdP',
      modelRef: 'userAs.as',
      shape: 'rectangle',
      color: 'amber',
      style: {
        border: 'solid',
        opacity: 100,
        size: 'md',
      },
      tags: [],
      metadata: {
        _shape: 'process',
      },
      kind: 'Process',
      x: -76,
      y: 469,
      width: 378,
      height: 180,
      labelBBox: {
        x: 14,
        y: 76,
        width: 351,
        height: 24,
      },
      navigateTo: null,
      links: null,
    },
    {
      id: 'public.token',
      parent: 'public',
      level: 1,
      children: [],
      inEdges: [
        'k1ly53',
        '1dp6odd',
      ],
      outEdges: [],
      title: 'Token',
      modelRef: 'public.token',
      shape: 'rectangle',
      color: 'pink',
      style: {
        border: 'solid',
        opacity: 100,
        size: 'md',
      },
      tags: [],
      metadata: {
        _shape: 'data-object',
      },
      kind: 'DataObject',
      x: 567,
      y: 277,
      width: 320,
      height: 180,
      labelBBox: {
        x: 130,
        y: 76,
        width: 60,
        height: 24,
      },
      navigateTo: null,
      links: null,
    },
    {
      id: 'confidential.token',
      parent: 'confidential',
      level: 1,
      children: [],
      inEdges: [
        '1p3576d',
        '1fnb7f6',
      ],
      outEdges: [],
      title: 'Token',
      modelRef: 'confidential.token',
      shape: 'rectangle',
      color: 'pink',
      style: {
        border: 'solid',
        opacity: 100,
        size: 'md',
      },
      tags: [],
      metadata: {
        _shape: 'data-object',
      },
      kind: 'DataObject',
      x: 495,
      y: 1015,
      width: 320,
      height: 180,
      labelBBox: {
        x: 130,
        y: 76,
        width: 60,
        height: 24,
      },
      navigateTo: null,
      links: null,
    },
  ],
  edges: [
    {
      id: 'k1ly53',
      source: 'public.pwa',
      target: 'public.token',
      label: 'stores',
      points: [
        [
          453,
          111,
        ],
        [
          499,
          111,
        ],
        [
          550,
          111,
        ],
        [
          597,
          111,
        ],
      ],
      labelBBox: {
        x: 745,
        y: 214,
        width: 42,
        height: 18,
      },
      parent: 'public',
      relations: [
        '1467g11',
      ],
      color: 'gray',
      line: 'solid',
      head: 'normal',
      controlPoints: [
        {
          x: 726,
          y: 219,
        },
      ],
      isLabelCustomized: true,
      navigateTo: null,
      tags: null,
    },
    {
      id: '1aueqv4',
      source: 'confidential.frontend',
      target: 'confidential.backend',
      label: 'api',
      points: [
        [
          859,
          782,
        ],
        [
          881,
          782,
        ],
      ],
      labelBBox: {
        x: 848,
        y: 795,
        width: 23,
        height: 18,
      },
      parent: 'confidential',
      relations: [
        '1q422nq',
      ],
      color: 'gray',
      line: 'solid',
      head: 'normal',
      controlPoints: [
        {
          x: 859,
          y: 782,
        },
        {
          x: 881,
          y: 782,
        },
      ],
      isLabelCustomized: true,
      navigateTo: null,
      tags: null,
    },
    {
      id: '1p3576d',
      source: 'confidential.backend',
      target: 'confidential.token',
      label: 'stores',
      points: [
        [
          966,
          872,
        ],
        [
          909,
          915,
        ],
        [
          840,
          966,
        ],
        [
          782,
          1009,
        ],
      ],
      labelBBox: {
        x: 891,
        y: 936,
        width: 42,
        height: 18,
      },
      parent: 'confidential',
      relations: [
        '2d34v5',
      ],
      color: 'gray',
      line: 'solid',
      head: 'normal',
      controlPoints: [
        {
          x: 807,
          y: 989,
        },
      ],
      isLabelCustomized: true,
      navigateTo: null,
      tags: null,
    },
    {
      id: 'p1c9bt',
      source: 'confidential.backend',
      target: 'confidential.key',
      label: 'signs with',
      points: [
        [
          1085,
          872,
        ],
        [
          1085,
          914,
        ],
        [
          1085,
          963,
        ],
        [
          1085,
          1005,
        ],
      ],
      labelBBox: {
        x: 1101,
        y: 933,
        width: 65,
        height: 18,
      },
      parent: 'confidential',
      relations: [
        '8xjccs',
      ],
      color: 'gray',
      line: 'solid',
      head: 'normal',
      controlPoints: [
        {
          x: 1085,
          y: 938,
        },
      ],
      isLabelCustomized: true,
      navigateTo: null,
      tags: null,
    },
    {
      id: '1hxotfi',
      source: 'public.pwa',
      target: 'owner.as',
      label: 'authN',
      points: [
        [
          1143,
          316,
        ],
        [
          1305,
          370,
        ],
      ],
      labelBBox: {
        x: 1232,
        y: 259,
        width: 41,
        height: 18,
      },
      parent: null,
      relations: [
        'nu9qq5',
      ],
      color: 'gray',
      line: 'solid',
      head: 'normal',
      controlPoints: [
        {
          x: 1181,
          y: 273,
        },
        {
          x: 1334,
          y: 337,
        },
      ],
      isLabelCustomized: true,
      navigateTo: null,
      tags: null,
    },
    {
      id: 'zamf7z',
      source: 'confidential.backend',
      target: 'owner.as',
      label: 'authN',
      points: [
        [
          1398,
          681,
        ],
        [
          1475,
          657,
        ],
      ],
      labelBBox: {
        x: 1422,
        y: 694,
        width: 41,
        height: 18,
      },
      parent: null,
      relations: [
        'ooo7eg',
      ],
      color: 'gray',
      line: 'solid',
      head: 'normal',
      controlPoints: [
        {
          x: 1398,
          y: 681,
        },
        {
          x: 1475,
          y: 657,
        },
      ],
      isLabelCustomized: true,
      navigateTo: null,
      tags: null,
    },
    {
      id: 'smyo1t',
      source: 'owner.as',
      target: 'owner.storage',
      label: 'F7 issues access tokens for',
      points: [
        [
          1732,
          308,
        ],
        [
          1821,
          308,
        ],
        [
          1925,
          308,
        ],
        [
          2011,
          308,
        ],
      ],
      labelBBox: {
        x: 1837,
        y: 688,
        width: 177,
        height: 18,
      },
      parent: 'owner',
      relations: [
        '1n6vxll',
      ],
      color: 'gray',
      line: 'solid',
      head: 'normal',
      controlPoints: [
        {
          x: 1827,
          y: 759,
        },
      ],
      isLabelCustomized: false,
      navigateTo: null,
      tags: null,
    },
    {
      id: 'hmn2zs',
      source: 'owner.as',
      target: 'userAs.as',
      label: 'F6 obtains public key',
      points: [
        [
          1151,
          805,
        ],
        [
          913,
          897,
        ],
      ],
      labelBBox: {
        x: 910,
        y: 567,
        width: 136,
        height: 18,
      },
      parent: null,
      relations: [
        '1xtputt',
      ],
      color: 'gray',
      line: 'solid',
      head: 'normal',
      controlPoints: [
        {
          x: 1093,
          y: 549,
        },
        {
          x: 834,
          y: 551,
        },
      ],
      isLabelCustomized: true,
      navigateTo: null,
      tags: null,
    },
    {
      id: '1dp6odd',
      source: 'userAs.as',
      target: 'public.token',
      label: 'issues',
      points: [
        [
          408,
          466,
        ],
        [
          461,
          450,
        ],
      ],
      labelBBox: {
        x: 432,
        y: 477,
        width: 44,
        height: 18,
      },
      parent: null,
      relations: [
        '11h1mjd',
      ],
      color: 'gray',
      line: 'solid',
      head: 'normal',
      controlPoints: [
        {
          x: 408,
          y: 466,
        },
        {
          x: 461,
          y: 450,
        },
      ],
      isLabelCustomized: true,
      navigateTo: null,
      tags: null,
    },
    {
      id: '1fnb7f6',
      source: 'userAs.as',
      target: 'confidential.token',
      label: 'issues',
      points: [
        [
          347,
          795,
        ],
        [
          420,
          868,
        ],
      ],
      labelBBox: {
        x: 359,
        y: 770,
        width: 44,
        height: 18,
      },
      parent: null,
      relations: [
        '6l1e2z',
      ],
      color: 'gray',
      line: 'solid',
      head: 'normal',
      controlPoints: [
        {
          x: 347,
          y: 795,
        },
        {
          x: 420,
          y: 868,
        },
      ],
      isLabelCustomized: true,
      navigateTo: null,
      tags: null,
    },
  ],
  _layout: 'manual',
}
